✔ MANAGED AI rejects Digital Self payload and keeps messages only (1.7432ms)
✔ provider usage parses input/output/total from DeepSeek-shaped payload (0.1646ms)
✔ trial allowance is configurable, deducted, exhausted, and idempotent (43.2868ms)
✔ concurrent requests cannot skip exhaustion; institution fixture reuses gateway (36.4952ms)
✔ Relay inference does not persist prompt/response and health reports managedAi (70.5176ms)
✔ preference migration keeps existing BYOK users; new installs default managed (27.0223ms)
✔ no-key Talk/Digital Self runtime uses managed complete and does not mention API Key (151.2506ms)
✔ managed client maps exhaustion to human notice, never 402 (1.561ms)
{"ts":"2026-10-06T01:43:21.850Z","event":"managed_ai_unavailable","reason":"MANAGED_AI_PROVIDER_SECRET_REQUIRED"}
✔ app package sources do not embed managed AI provider secrets (8.1721ms)
✔ resolveManagedAiGateway without secret stays unready and does not throw (0.618ms)
✔ empty truncated response preserves finish reason and HTTP without becoming empty failure (22.7136ms)
✔ transport distinguishes empty and redacts diagnostic (0.9823ms)
✔ transport distinguishes json and redacts diagnostic (0.6183ms)
✔ transport distinguishes envelope and redacts diagnostic (0.3159ms)
✔ transport distinguishes http and redacts diagnostic (0.3242ms)
✔ network failure has unknown HTTP; user cancellation prevents even the first call (0.3983ms)
✔ deadline includes response body reading; no second structured attempt after timeout (33.0243ms)
✔ remaining deadline is passed downstream and expired success is discarded (47.4896ms)
✔ active cancellation after a response prevents parse and retry; no raw parser error in log (0.4616ms)
✔ search preserves actual HTTP and distinguishes bad format (1.1995ms)
✔ formal runtime failure retains same-request candidates, reaches terminal and logs no material (154.9544ms)
✔ search cancellation during body read discards success (0.441ms)
✔ public page redirects cannot start after cancellation or shared deadline (45.5024ms)
✔ managed structured request conforms to current gateway allowlist (2.7161ms)
✔ 200 正常响应解析 (53.2554ms)
✔ 401 → unauthorized (4.6915ms)
✔ 429 → rate_limited (3.9448ms)
✔ 5xx → server_error (3.6086ms)
✔ 超时 → timeout(非失败伪装) (161.7724ms)
✔ 调用方 abort → aborted (61.6317ms)
✔ 连接失败 → network (0.6996ms)
✔ 流式最小版:增量上报并拼合全文 (3.8171ms)
✔ reasoning_content 不得进入用户正文；仅 content 为空时失败 (5.2332ms)
✔ finish_reason=length → truncated (1.9756ms)
✔ finish_reason=length 且 content 为空 → truncated 空正文（不得回退 reasoning） (1.5279ms)
✔ retry only receives remaining total deadline; third attempt never starts (21.1378ms)
✔ deadline interrupts backoff and no next provider attempt starts (24.8798ms)
✔ late successful fixture cannot become AVAILABLE after deadline (8.5908ms)
✔ caller cancellation propagates to active provider; stopping is not supplier confirmation (8.2951ms)
✔ truncated failure preserves provider usage and cached response stays failed (33.2164ms)
✔ provider parser retains usage on empty length finish without reasoning body (23.7067ms)
✔ server-owned disabled thinking applies only to structured JSON without tools; cap remains 2048 (53.9259ms)
✔ request correlation and rejected payload logs contain no material (1.2015ms)
✔ whole-body socket disconnect cancels provider; normal response never cancels it (61.1496ms)
✔ classifyManagedAiFailure 区分 local / concurrency / ceiling / provider (0.8401ms)
✔ execution success + narration timeout → PARTIAL_SUCCESS 且保留文件名 (0.5496ms)
✔ IQS/web search 成功 + 最终模型失败 不得只报服务忙 (0.147ms)
✔ write_file 成功后 final narration timeout：文件只写一次，UI 收敛 PARTIAL_SUCCESS (545.6175ms)
✔ 工具已成功后 ManagedAiError 不得覆盖成只报服务忙 (94.2988ms)
✔ timeout 后同一 runtime 新对话可立即工作 (200.2203ms)
✔ provider timeout / 429 释放 inFlight，后续请求可继续 (21.824ms)
✔ concurrency cap 拒绝后 slot 仍可被其他 principal 在释放后使用 (64.8425ms)
✔ provider 瞬时 429 有限重试且只计一次 usage (20.3676ms)
✔ 重试耗尽仍不重复计费；未到达 provider 的 local 429 不计 token (8.21ms)
✔ managed client 把 error=rate_limited 映射为 LOCAL_RATE_LIMITED (16.2079ms)
ℹ tests 55
ℹ suites 0
ℹ pass 55
ℹ fail 0
ℹ cancelled 0
ℹ skipped 0
ℹ todo 0
ℹ duration_ms 1357.4112
