✔ MANAGED AI rejects Digital Self payload and keeps messages only (3.8746ms)
✔ provider usage parses input/output/total from DeepSeek-shaped payload (0.155ms)
✔ trial allowance is configurable, deducted, exhausted, and idempotent (40.5668ms)
✔ concurrent requests cannot skip exhaustion; institution fixture reuses gateway (29.5644ms)
✔ Relay inference does not persist prompt/response and health reports managedAi (61.1778ms)
✔ preference migration keeps existing BYOK users; new installs default managed (23.718ms)
✔ no-key Talk/Digital Self runtime uses managed complete and does not mention API Key (131.3938ms)
✔ managed client maps exhaustion to human notice, never 402 (1.5694ms)
{"ts":"2026-10-06T02:14:58.544Z","event":"managed_ai_unavailable","reason":"MANAGED_AI_PROVIDER_SECRET_REQUIRED"}
✔ app package sources do not embed managed AI provider secrets (23.6424ms)
✔ resolveManagedAiGateway without secret stays unready and does not throw (0.5734ms)
✔ empty truncated response preserves finish reason and HTTP without becoming empty failure (21.4705ms)
✔ transport distinguishes empty and redacts diagnostic (1.6774ms)
✔ transport distinguishes json and redacts diagnostic (2.225ms)
✔ transport distinguishes envelope and redacts diagnostic (0.3819ms)
✔ transport distinguishes http and redacts diagnostic (0.3793ms)
✔ network failure has unknown HTTP; user cancellation prevents even the first call (0.4438ms)
✔ deadline includes response body reading; no second structured attempt after timeout (36.5263ms)
✔ remaining deadline is passed downstream and expired success is discarded (46.6676ms)
✔ active cancellation after a response prevents parse and retry; no raw parser error in log (0.7712ms)
✔ search preserves actual HTTP and distinguishes bad format (1.3836ms)
✔ formal runtime failure retains same-request candidates, reaches terminal and logs no material (125.3545ms)
✔ search cancellation during body read discards success (0.429ms)
✔ public page redirects cannot start after cancellation or shared deadline (44.9106ms)
✔ managed structured request conforms to current gateway allowlist (6.0705ms)
✔ 200 正常响应解析 (37.4681ms)
✔ 401 → unauthorized (5.0243ms)
✔ 429 → rate_limited (2.2821ms)
✔ 5xx → server_error (2.9265ms)
✔ 超时 → timeout(非失败伪装) (164.0208ms)
✔ 调用方 abort → aborted (58.2487ms)
✔ 连接失败 → network (0.6262ms)
✔ 流式最小版:增量上报并拼合全文 (3.31ms)
✔ reasoning_content 不得进入用户正文；仅 content 为空时失败 (3.8621ms)
✔ finish_reason=length → truncated (1.7169ms)
✔ finish_reason=length 且 content 为空 → truncated 空正文（不得回退 reasoning） (1.3889ms)
✔ retry only receives remaining total deadline; third attempt never starts (15.9542ms)
✔ deadline timer and caller listener are released on early return and store exception (57.2433ms)
✔ queue survives rejection; expired or cancelled queued requests start no provider (8.978ms)
✔ Self JSON uses server-owned configuration; truncated managed failure never falls back or retries (58.7158ms)
✔ deadline interrupts backoff and no next provider attempt starts (31.7728ms)
✔ late successful fixture cannot become AVAILABLE after deadline (7.9622ms)
✔ caller cancellation propagates to active provider; stopping is not supplier confirmation (9.1327ms)
✔ truncated failure preserves provider usage and cached response stays failed (24.2029ms)
✔ provider parser retains usage on empty length finish without reasoning body (1.0351ms)
✔ server-owned disabled thinking applies only to structured JSON without tools; cap remains 2048 (62.059ms)
✔ request correlation and rejected payload logs contain no material (1.1224ms)
✔ whole-body socket disconnect cancels provider; normal response never cancels it (67.9013ms)
✔ Talk managed truncation is terminal: no additional model attempt (132.9591ms)
✔ classifyManagedAiFailure 区分 local / concurrency / ceiling / provider (0.208ms)
✔ execution success + narration timeout → PARTIAL_SUCCESS 且保留文件名 (0.5434ms)
✔ IQS/web search 成功 + 最终模型失败 不得只报服务忙 (0.1472ms)
✔ write_file 成功后 final narration timeout：文件只写一次，UI 收敛 PARTIAL_SUCCESS (505.1844ms)
✔ 工具已成功后 ManagedAiError 不得覆盖成只报服务忙 (99.9886ms)
✔ timeout 后同一 runtime 新对话可立即工作 (206.521ms)
✔ provider timeout / 429 释放 inFlight，后续请求可继续 (23.6263ms)
✔ concurrency cap 拒绝后 slot 仍可被其他 principal 在释放后使用 (59.247ms)
✔ provider 瞬时 429 有限重试且只计一次 usage (23.1404ms)
✔ 重试耗尽仍不重复计费；未到达 provider 的 local 429 不计 token (8.445ms)
✔ managed client 把 error=rate_limited 映射为 LOCAL_RATE_LIMITED (1.2349ms)
✔ 取数窗口：本地库超过 100 条时，listAll 取全量，list 仍受 100 条分页限制 (486.2899ms)
✔ 发布时间：缺失、无法解析、早于 1990、晚于现在两天以上的都不算可信 (0.255ms)
✔ 结构化调用：截断进入终态不升级预算；格式失败保持既有有界行为 (0.9612ms)
✔ 结构化调用：半截 JSON 即使碰巧能解析，只要被标为截断就不算完成 (0.1435ms)
ℹ tests 63
ℹ suites 0
ℹ pass 63
ℹ fail 0
ℹ cancelled 0
ℹ skipped 0
ℹ todo 0
ℹ duration_ms 4095.5801
